
> siftbeam@0.1.0 test
> jest --testPathPattern=LanguageSwitcher --no-coverage --verbose

npm : testPathPattern:
発生場所 C:\Users\81903\AppData\Local\Temp\ps-script-99f61b90-3ec0-459d-982f-bb5336c68b90.ps1:78 文字:1
+ npm test -- --testPathPattern="LanguageSwitcher" --no-coverage --verb ...
+ ~~~~~~~~~~~~~~~~~~~~~~~~~~~~~~~~~~~~~~~~~~~~~~~~~~~~~~~~~~~~~~~~~~~~~
    + CategoryInfo          : NotSpecified: (testPathPattern::String) [], RemoteException
    + FullyQualifiedErrorId : NativeCommandError
 

  Option "testPathPattern" was replaced by "--testPathPatterns". "--testPathPatterns" is only available as a command-li
ne option.
  
  Please update your configuration.

  CLI Options Documentation:
  https://jestjs.io/docs/cli

